[10:37:18] [INIT] KubeJS 2001.6.5-build.16; MC 2001 forge
[10:37:18] [INIT] Loaded plugins:
[10:37:18] [INIT] - dev.latvian.mods.kubejs.forge.BuiltinKubeJSForgePlugin
[10:37:18] [INIT] - dev.latvian.mods.kubejs.forge.BuiltinKubeJSForgeClientPlugin
[10:37:18] [INIT] - com.lowdragmc.lowdraglib.kjs.LDLibKubeJSPlugin
[10:37:18] [INIT] - dev.ftb.mods.ftbxmodcompat.ftbquests.kubejs.KubeJSIntegration
[10:37:18] [INIT] - dev.ftb.mods.ftbxmodcompat.ftbchunks.kubejs.FTBChunksKubeJSPlugin
[10:37:18] [INIT] - dev.ftb.mods.ftbxmodcompat.ftbteams.kubejs.FTBTeamsKubeJSPlugin
[10:37:18] [INIT] - com.almostreliable.lootjs.kube.LootJSPlugin
[10:37:18] [INIT] - com.gregtechceu.gtceu.integration.kjs.GregTechKubeJSPlugin
[10:37:18] [INIT] - committee.nova.mods.avaritia.init.compat.kubejs.KubeJSAvaritiaPlugin
[10:37:18] [INIT] - dev.latvian.mods.kubejs.create.KubeJSCreatePlugin
[10:37:18] [INFO] Loaded script startup_scripts:recipes/construction_core.js in 0.031 s
[10:37:18] [INFO] Loaded script startup_scripts:recipes/greenhouse.js in 0.001 s
[10:37:18] [INFO] Loaded script startup_scripts:icons.js in 0.001 s
[10:37:18] [INFO] Loaded script startup_scripts:material_testing/material.js in 0.001 s
[10:37:18] [INFO] startup_custom.js#1: Loaded Java class 'com.gregtechceu.gtceu.common.machine.multiblock.generator.LargeTurbineMachine'
[10:37:18] [INFO] Loaded script startup_scripts:startup_custom.js in 0.026 s
[10:37:18] [INFO] Loaded script startup_scripts:machinery/construction_core.js in 0.0 s
[10:37:18] [INFO] Loaded script startup_scripts:machinery/greenhouse.js in 0.0 s
[10:37:18] [INFO] Loaded script startup_scripts:ore_gen.js in 0.001 s
[10:37:18] [INFO] Loaded script startup_scripts:components/hsla-steel.js in 0.0 s
[10:37:18] [INFO] Loaded script startup_scripts:gtmaterials/ac_material_modification.js in 0.002 s
[10:37:18] [INFO] Loaded script startup_scripts:gtmaterials/ab_mats.js in 0.003 s
[10:37:18] [INFO] Loaded script startup_scripts:gtmaterials/aa_elements.js in 0.001 s
[10:37:18] [INFO] Loaded 12/12 KubeJS startup scripts in 0.568 s with 0 errors and 0 warnings
[10:37:19] [INFO] gtmaterials/ab_mats.js#2: Loaded Java class 'com.gregtechceu.gtceu.api.data.chemical.material.properties.OreProperty'
[10:37:19] [INFO] gtmaterials/ab_mats.js#3: Loaded Java class 'com.gregtechceu.gtceu.api.data.chemical.material.properties.IngotProperty'
[10:37:19] [INFO] gtmaterials/ab_mats.js#4: Loaded Java class 'com.gregtechceu.gtceu.api.data.chemical.material.properties.FluidProperty'
[10:37:19] [INFO] gtmaterials/ab_mats.js#5: Loaded Java class 'com.gregtechceu.gtceu.api.data.chemical.material.properties.DustProperty'
[10:37:19] [INFO] gtmaterials/ac_material_modification.js#3: Loaded Java class 'com.gregtechceu.gtceu.api.data.chemical.material.properties.ToolProperty'
